---
source: crates/tui/tests/detail.rs
expression: "app.snapshot(120, 36).unwrap()"
---
╭ nutsh ─────────────────────────────────────────────────────────────────────────────────────╮
│Context:    -                                                    ⏎ drill        y detail    │       clusters 3  hosts 7
│PC:         127.0.0.1:PORT  pc.7.6                              S sort         w wide      │     vms 100  on/off 100/0
│Cluster:    <all>                                               ←→ columns     ^r refresh   │       alerts ⚠ 100  ✖ 100
│Kind:       Compute & Storage › VMs                             ^t every       ^x stop      │       tasks ▶ 100 running
│Count:      100                                                  a actions     ^c quit      │
╰────────────────────────────────────────────────────────────────────────────────────────────╯           v0.2.0 · pc.7.6
╭ nutsh ───────────────╮┌Virtual Machines · name-37e8384d──────────────────────────────────────────────────────────────┐
│  ▸ Dashboard         ││IDENTITY ─────────────────────────────────────────────────────────────────────────────────────│
│  ▾ Compute & Storage ││              Name name-37e8384d                                                              │
│      Overview        ││              UUID c429f7a2-16fe-4c5c-8eb7-bc5b9da0a746                                       │
│    • VMs [100]       ││       Description -                                     Project -                            │
│      ESXi VMs        ││             Owner -                                 Cloned from -                            │
│      Templates       ││        Categories 2                                                                          │
│      Images          ││STATE ────────────────────────────────────────────────────────────────────────────────────────│
│      OVAs            ││             Power OFF                                  Agent VM ✗                            │
│      VM Profiles     ││   Live migratable ✓                                   Migrating ✗                            │
│      Guest Customizat││COMPUTE ──────────────────────────────────────────────────────────────────────────────────────│
│      Storage Containe││           Sockets 2                                Cores/socket 1                            │
│      Volume Groups   ││      Threads/core 1                                      Memory 8 GiB                        │
│      Storage Policies││      Machine type PC                                CPU hotplug ✓                            │
│      Categories      ││   CPU passthrough ✗                                Hard pinning ✗                            │
│      Catalog Items   ││        Overcommit ✗                                        vTPM ✗                            │
│  ▸ Network & Security││    Clock timezone UTC                                                                        │
│  ▸ Data Protection   ││LEGACY BOOT ──────────────────────────────────────────────────────────────────────────────────│
│  ▸ Hardware          ││        Boot order Cdrom +2                             Boot bus -                            │
│  ▸ Monitoring        ││        Boot index -                                                                          │
│  ▸ Policies          ││STORAGE ──────────────────────────────────────────────────────────────────────────────────────│
│  ▸ Admin Center      ││             Disks 1                                  Disk sizes 82 GiB                       │
│  ▸ Files             ││               Bus SCSI                               Containers name-ac40eaa9                │
│  ▸ Objects           ││     Volume groups -                                  From image 7521370a                     │
│  ▸ Contexts          ││           CD-ROMs 1                                    ISO type Other                        │
│  ▸ Settings          ││        Flash mode -                                                                          │
╰───────────────── ↓18 ╯└──────────────────────────────────────────────────────────────────────────────────────────────┘
 j/k:scroll  g/G:top/bottom  a:actions  w:watch  Y:yaml  J:json  esc:back
[meter]          ● live
