---
source: crates/tui/tests/tasks.rs
assertion_line: 241
expression: frame
---
╭ nutsh ─────────────────────────────────────────────────────────────────────────────────────╮
│Context:    -                                                    ⏎ drill        y detail    │       clusters 1  hosts 1
│PC:         127.0.0.1:PORT  pc.2024.3                           S sort         w wide      │         vms 3  on/off 3/0
│Cluster:    <all>                                               ←→ columns     ^r refresh   │           alerts ⚠ 2  ✖ 2
│Kind:       Monitoring › Tasks                                  ^t every       ^x stop      │         tasks ▶ 4 running
│Count:      4                                                    a actions     ^c quit      │
╰────────────────────────────────────────────────────────────────────────────────────────────╯  v0.0.2-beta3 · pc.2024.3
╭ nutsh ───────────────╮┌Tasks · VmDelete──────────────────────────────────────────────────────────────────────────────┐
│  ▸ Dashboard         ││WHAT ─────────────────────────────────────────────────────────────────────────────────────────│
│  ▸ Compute & Storage ││         Operation Vmdelete                          Description Delete VM                    │
│  ▸ Network & Security││            Status FAILED                               Progress 40%                          │
│  ▸ Data Protection   ││        Cancelable ✗                                       Owner -                            │
│  ▸ Hardware          ││TIMING ───────────────────────────────────────────────────────────────────────────────────────│
│  ▾ Monitoring        ││           Created 10m                                   Started 9m                           │
│      Overview        ││         Completed 9m                                    Updated 9m                           │
│      Alerts          ││ENTITIES ─────────────────────────────────────────────────────────────────────────────────────│
│      Events          ││          Entities 1                                        Name db-01                        │
│    • Tasks [4]       ││              Type vmm:ahv:config:vm                    Clusters -                            │
│      Audits          ││HIERARCHY ────────────────────────────────────────────────────────────────────────────────────│
│      Alert Policies  ││            Parent -                                        Root -                            │
│      Reports         ││          Subtasks 0                                       Steps -                            │
│  ▸ Policies          ││ERRORS ───────────────────────────────────────────────────────────────────────────────────────│
│  ▸ Admin Center      ││              Code VMM-40023 +1                                                               │
│  ▸ Files             ││           Message VM has a volume group attached +1                                          │
│  ▸ Objects           ││          Severity ERROR +1                                                                   │
│  ▸ Contexts          ││ALERTS 09:40–10:00 UTC ───────────────────────────────────────────────────────────────────────│
│  ▸ Settings          ││           WARNING Disk space usage high for /home on Controller VM 203.0.113.11 · 9m         │
│  ─── by namespace ───││JOURNAL ──────────────────────────────────────────────────────────────────────────────────────│
│  ▸ aiops             ││           Started not started from here                                                      │
│  ▸ clustermgmt       ││ACTIONS ──────────────────────────────────────────────────────────────────────────────────────│
│  ▸ dataprotection    ││                 c Cancel task · not cancelable                                               │
│  ▸ iam               ││                                                                                              │
│  ▸ licensing         ││                                                                                              │
│  ▸ lifecycle         ││                                                                                              │
│  ▸ microseg          ││                                                                                              │
│  ▸ monitoring        ││                                                                                              │
│  ▸ multidomain       ││                                                                                              │
╰────────────────── ↓8 ╯└──────────────────────────────────────────────────────────────────────────────────────────────┘
 j/k:scroll  g/G:top/bottom  a:actions  w:watch  Y:yaml  J:json  esc:back
[meter]          ● live
